
> web@0.1.0 build
> next build

  ▲ Next.js 14.2.5
  - Experiments (use with caution):
    · typedRoutes

   Creating an optimized production build ...
 ✓ Compiled successfully
   Linting and checking validity of types ...
   Collecting page data ...
   Generating static pages (0/10) ...
   Generating static pages (2/10) 
   Generating static pages (4/10) 
   Generating static pages (7/10) 
 ✓ Generating static pages (10/10)
   Finalizing page optimization ...
   Collecting build traces ...

Route (app)                              Size     First Load JS
┌ ○ /                                    175 B            94 kB
├ ○ /_not-found                          873 B          87.9 kB
├ ○ /dashboard                           1.37 kB        95.2 kB
├ ○ /lobby                               1.62 kB        95.5 kB
├ ○ /login                               1.12 kB        88.2 kB
├ ○ /parkour                             2.28 kB        96.1 kB
├ ○ /profile                             1.19 kB        88.2 kB
└ ○ /register                            1.16 kB        88.2 kB
+ First Load JS shared by all            87.1 kB
  ├ chunks/1dd3208c-7627ab90ada94d06.js  53.6 kB
  ├ chunks/286-c0af686877155b82.js       31.5 kB
  └ other shared chunks (total)          1.89 kB


○  (Static)  prerendered as static content

